Archive member included to satisfy reference by file (symbol)

/opt/gcc-arm/bin/../lib/gcc/arm-none-eabi/10.3.1/thumb/v7-m/nofp/libgcc.a(_aeabi_uldivmod.o)
                              ./system/src/stm32f1-hal/stm32f1xx_hal_rcc.o (__aeabi_uldivmod)
/opt/gcc-arm/bin/../lib/gcc/arm-none-eabi/10.3.1/thumb/v7-m/nofp/libgcc.a(_udivmoddi4.o)
                              /opt/gcc-arm/bin/../lib/gcc/arm-none-eabi/10.3.1/thumb/v7-m/nofp/libgcc.a(_aeabi_uldivmod.o) (__udivmoddi4)
/opt/gcc-arm/bin/../lib/gcc/arm-none-eabi/10.3.1/thumb/v7-m/nofp/libgcc.a(_dvmd_tls.o)
                              /opt/gcc-arm/bin/../lib/gcc/arm-none-eabi/10.3.1/thumb/v7-m/nofp/libgcc.a(_aeabi_uldivmod.o) (__aeabi_ldiv0)
/opt/gcc-arm/bin/../lib/gcc/arm-none-eabi/10.3.1/../../../../arm-none-eabi/lib/thumb/v7-m/nofp/libg_nano.a(lib_a-errno.o)
                              ./system/src/newlib/sbrk.o (__errno)
/opt/gcc-arm/bin/../lib/gcc/arm-none-eabi/10.3.1/../../../../arm-none-eabi/lib/thumb/v7-m/nofp/libg_nano.a(lib_a-impure.o)
                              /opt/gcc-arm/bin/../lib/gcc/arm-none-eabi/10.3.1/../../../../arm-none-eabi/lib/thumb/v7-m/nofp/libg_nano.a(lib_a-errno.o) (_impure_ptr)
/opt/gcc-arm/bin/../lib/gcc/arm-none-eabi/10.3.1/../../../../arm-none-eabi/lib/thumb/v7-m/nofp/libg_nano.a(lib_a-strlen.o)
                              ./system/src/diag/trace.o (strlen)
/opt/gcc-arm/bin/../lib/gcc/arm-none-eabi/10.3.1/../../../../arm-none-eabi/lib/thumb/v7-m/nofp/libg_nano.a(lib_a-vsnprintf.o)
                              ./system/src/diag/trace.o (vsnprintf)
/opt/gcc-arm/bin/../lib/gcc/arm-none-eabi/10.3.1/../../../../arm-none-eabi/lib/thumb/v7-m/nofp/libg_nano.a(lib_a-nano-svfprintf.o)
                              /opt/gcc-arm/bin/../lib/gcc/arm-none-eabi/10.3.1/../../../../arm-none-eabi/lib/thumb/v7-m/nofp/libg_nano.a(lib_a-vsnprintf.o) (_svfprintf_r)
/opt/gcc-arm/bin/../lib/gcc/arm-none-eabi/10.3.1/../../../../arm-none-eabi/lib/thumb/v7-m/nofp/libg_nano.a(lib_a-nano-vfprintf_i.o)
                              /opt/gcc-arm/bin/../lib/gcc/arm-none-eabi/10.3.1/../../../../arm-none-eabi/lib/thumb/v7-m/nofp/libg_nano.a(lib_a-nano-svfprintf.o) (_printf_i)
/opt/gcc-arm/bin/../lib/gcc/arm-none-eabi/10.3.1/../../../../arm-none-eabi/lib/thumb/v7-m/nofp/libg_nano.a(lib_a-memchr-stub.o)
                              /opt/gcc-arm/bin/../lib/gcc/arm-none-eabi/10.3.1/../../../../arm-none-eabi/lib/thumb/v7-m/nofp/libg_nano.a(lib_a-nano-svfprintf.o) (memchr)
/opt/gcc-arm/bin/../lib/gcc/arm-none-eabi/10.3.1/../../../../arm-none-eabi/lib/thumb/v7-m/nofp/libg_nano.a(lib_a-memcpy-stub.o)
                              /opt/gcc-arm/bin/../lib/gcc/arm-none-eabi/10.3.1/../../../../arm-none-eabi/lib/thumb/v7-m/nofp/libg_nano.a(lib_a-nano-svfprintf.o) (memcpy)
/opt/gcc-arm/bin/../lib/gcc/arm-none-eabi/10.3.1/../../../../arm-none-eabi/lib/thumb/v7-m/nofp/libg_nano.a(lib_a-memmove.o)
                              /opt/gcc-arm/bin/../lib/gcc/arm-none-eabi/10.3.1/../../../../arm-none-eabi/lib/thumb/v7-m/nofp/libg_nano.a(lib_a-nano-svfprintf.o) (memmove)
/opt/gcc-arm/bin/../lib/gcc/arm-none-eabi/10.3.1/../../../../arm-none-eabi/lib/thumb/v7-m/nofp/libg_nano.a(lib_a-nano-freer.o)
                              /opt/gcc-arm/bin/../lib/gcc/arm-none-eabi/10.3.1/../../../../arm-none-eabi/lib/thumb/v7-m/nofp/libg_nano.a(lib_a-nano-svfprintf.o) (_free_r)
/opt/gcc-arm/bin/../lib/gcc/arm-none-eabi/10.3.1/../../../../arm-none-eabi/lib/thumb/v7-m/nofp/libg_nano.a(lib_a-nano-mallocr.o)
                              /opt/gcc-arm/bin/../lib/gcc/arm-none-eabi/10.3.1/../../../../arm-none-eabi/lib/thumb/v7-m/nofp/libg_nano.a(lib_a-nano-svfprintf.o) (_malloc_r)
/opt/gcc-arm/bin/../lib/gcc/arm-none-eabi/10.3.1/../../../../arm-none-eabi/lib/thumb/v7-m/nofp/libg_nano.a(lib_a-nano-reallocr.o)
                              /opt/gcc-arm/bin/../lib/gcc/arm-none-eabi/10.3.1/../../../../arm-none-eabi/lib/thumb/v7-m/nofp/libg_nano.a(lib_a-nano-svfprintf.o) (_realloc_r)
/opt/gcc-arm/bin/../lib/gcc/arm-none-eabi/10.3.1/../../../../arm-none-eabi/lib/thumb/v7-m/nofp/libg_nano.a(lib_a-sbrkr.o)
                              /opt/gcc-arm/bin/../lib/gcc/arm-none-eabi/10.3.1/../../../../arm-none-eabi/lib/thumb/v7-m/nofp/libg_nano.a(lib_a-nano-mallocr.o) (_sbrk_r)
/opt/gcc-arm/bin/../lib/gcc/arm-none-eabi/10.3.1/../../../../arm-none-eabi/lib/thumb/v7-m/nofp/libg_nano.a(lib_a-mlock.o)
                              /opt/gcc-arm/bin/../lib/gcc/arm-none-eabi/10.3.1/../../../../arm-none-eabi/lib/thumb/v7-m/nofp/libg_nano.a(lib_a-nano-freer.o) (__malloc_lock)
/opt/gcc-arm/bin/../lib/gcc/arm-none-eabi/10.3.1/../../../../arm-none-eabi/lib/thumb/v7-m/nofp/libg_nano.a(lib_a-nano-msizer.o)
                              /opt/gcc-arm/bin/../lib/gcc/arm-none-eabi/10.3.1/../../../../arm-none-eabi/lib/thumb/v7-m/nofp/libg_nano.a(lib_a-nano-reallocr.o) (_malloc_usable_size_r)
/opt/gcc-arm/bin/../lib/gcc/arm-none-eabi/10.3.1/../../../../arm-none-eabi/lib/thumb/v7-m/nofp/libg_nano.a(lib_a-lock.o)
[...]
Memory Configuration

Name             Origin             Length             Attributes
RAM              0x0000000020000000 0x0000000000005000 xrw
CCMRAM           0x0000000000000000 0x0000000000000000 xrw
FLASH            0x0000000008000000 0x0000000000010000 xr
FLASHB1          0x0000000000000000 0x0000000000000000 xr
EXTMEMB0         0x0000000000000000 0x0000000000000000 xr
EXTMEMB1         0x0000000000000000 0x0000000000000000 xr
EXTMEMB2         0x0000000000000000 0x0000000000000000 xr
EXTMEMB3         0x0000000000000000 0x0000000000000000 xr
MEMORY_ARRAY     0x0000000000000000 0x0000000000000000 xrw
*default*        0x0000000000000000 0xffffffffffffffff

Linker script and memory map

LOAD ./system/src/stm32f1-hal/stm32f1xx_hal.o
LOAD ./system/src/stm32f1-hal/stm32f1xx_hal_cortex.o
LOAD ./system/src/stm32f1-hal/stm32f1xx_hal_flash.o
LOAD ./system/src/stm32f1-hal/stm32f1xx_hal_flash_ex.o
LOAD ./system/src/stm32f1-hal/stm32f1xx_hal_gpio.o
LOAD ./system/src/stm32f1-hal/stm32f1xx_hal_gpio_ex.o
LOAD ./system/src/stm32f1-hal/stm32f1xx_hal_iwdg.o
LOAD ./system/src/stm32f1-hal/stm32f1xx_hal_pwr.o
LOAD ./system/src/stm32f1-hal/stm32f1xx_hal_rcc.o
LOAD ./system/src/newlib/assert.o
LOAD ./system/src/newlib/cxx.o
LOAD ./system/src/newlib/exit.o
LOAD ./system/src/newlib/sbrk.o
LOAD ./system/src/newlib/startup.o
LOAD ./system/src/newlib/syscalls.o
LOAD ./system/src/diag/trace-impl.o
LOAD ./system/src/diag/trace.o
LOAD ./system/src/cortexm/exception-handlers.o
LOAD ./system/src/cortexm/initialize-hardware.o
LOAD ./system/src/cortexm/reset-hardware.o
LOAD ./system/src/cmsis/system_stm32f1xx.o
LOAD ./system/src/cmsis/vectors_stm32f105xc.o
LOAD ./src/GPIO_program.o
LOAD ./src/RCC_program.o
LOAD ./src/main.o
LOAD /opt/gcc-arm/bin/../lib/gcc/arm-none-eabi/10.3.1/../../../../arm-none-eabi/lib/thumb/v7-m/nofp/libstdc++_nano.a
LOAD /opt/gcc-arm/bin/../lib/gcc/arm-none-eabi/10.3.1/../../../../arm-none-eabi/lib/thumb/v7-m/nofp/libm.a
START GROUP
LOAD /opt/gcc-arm/bin/../lib/gcc/arm-none-eabi/10.3.1/thumb/v7-m/nofp/libgcc.a
LOAD /opt/gcc-arm/bin/../lib/gcc/arm-none-eabi/10.3.1/../../../../arm-none-eabi/lib/thumb/v7-m/nofp/libg_nano.a
LOAD /opt/gcc-arm/bin/../lib/gcc/arm-none-eabi/10.3.1/../../../../arm-none-eabi/lib/thumb/v7-m/nofp/libc_nano.a
END GROUP
START GROUP
LOAD /opt/gcc-arm/bin/../lib/gcc/arm-none-eabi/10.3.1/thumb/v7-m/nofp/libgcc.a
LOAD /opt/gcc-arm/bin/../lib/gcc/arm-none-eabi/10.3.1/../../../../arm-none-eabi/lib/thumb/v7-m/nofp/libc_nano.a
END GROUP
                0x0000000020005000                __stack = (ORIGIN (RAM) + LENGTH (RAM))
                0x0000000020005000                _estack = __stack
                0x0000000000000400                __Main_Stack_Size = 0x400
                [!provide]                        PROVIDE (_Main_Stack_Size = __Main_Stack_Size)
                0x0000000020004c00                __Main_Stack_Limit = (__stack - __Main_Stack_Size)
                [!provide]                        PROVIDE (_Main_Stack_Limit = __Main_Stack_Limit)
                0x0000000000000100                _Minimum_Stack_Size = 0x100
                0x0000000020000118                PROVIDE (_Heap_Begin = _end_noinit)
                0x0000000020004c00                PROVIDE (_Heap_Limit = (__stack - __Main_Stack_Size))

.isr_vector     0x0000000008000000      0x394
 FILL mask 0xff
                0x0000000008000000                __vectors_start = ABSOLUTE (.)
                0x0000000008000000                __vectors_start__ = ABSOLUTE (.)
 *(.isr_vector)
 .isr_vector    0x0000000008000000      0x150 ./system/src/cmsis/vectors_stm32f105xc.o
                0x0000000008000000                __isr_vectors
 *(.cfmconfig)
 *(.after_vectors .after_vectors.*)
 .after_vectors
                0x0000000008000150      0x114 ./system/src/newlib/startup.o
                0x0000000008000150                _start
 .after_vectors
                0x0000000008000264      0x12c ./system/src/cortexm/exception-handlers.o
                0x0000000008000264                Reset_Handler
                0x000000000800026a                NMI_Handler
                0x000000000800026e                HardFault_Handler
                0x0000000008000282                HardFault_Handler_C
                0x00000000080002e0                MemManage_Handler
                0x00000000080002e4                BusFault_Handler
                0x00000000080002f8                BusFault_Handler_C
                0x000000000800032c                UsageFault_Handler
                0x0000000008000340                UsageFault_Handler_C
                0x0000000008000374                SVC_Handler
                0x0000000008000378                DebugMon_Handler
                0x000000000800037c                PendSV_Handler
                0x0000000008000380                SysTick_Handler
 .after_vectors
                0x0000000008000390        0x4 ./system/src/cmsis/vectors_stm32f105xc.o
                0x0000000008000390                RTC_Alarm_IRQHandler
                0x0000000008000390                EXTI2_IRQHandler
                0x0000000008000390                TIM1_CC_IRQHandler
                0x0000000008000390                TIM6_IRQHandler
                0x0000000008000390                PVD_IRQHandler
                0x0000000008000390                CAN2_RX1_IRQHandler
                0x0000000008000390                EXTI3_IRQHandler
                0x0000000008000390                EXTI0_IRQHandler
                0x0000000008000390                I2C2_EV_IRQHandler
                0x0000000008000390                CAN1_RX0_IRQHandler
                0x0000000008000390                CAN2_SCE_IRQHandler
                0x0000000008000390                ADC1_2_IRQHandler
                0x0000000008000390                SPI1_IRQHandler
                0x0000000008000390                TAMPER_IRQHandler
                0x0000000008000390                CAN2_RX0_IRQHandler
                0x0000000008000390                DMA2_Channel2_IRQHandler
                0x0000000008000390                DMA1_Channel4_IRQHandler
                0x0000000008000390                USART3_IRQHandler
                0x0000000008000390                RTC_IRQHandler
                0x0000000008000390                DMA1_Channel7_IRQHandler
                0x0000000008000390                CAN1_RX1_IRQHandler
                0x0000000008000390                UART5_IRQHandler
                0x0000000008000390                TIM4_IRQHandler
                0x0000000008000390                DMA2_Channel1_IRQHandler
                0x0000000008000390                I2C1_EV_IRQHandler
                0x0000000008000390                DMA1_Channel6_IRQHandler
                0x0000000008000390                UART4_IRQHandler
                0x0000000008000390                DMA2_Channel4_IRQHandler
                0x0000000008000390                TIM3_IRQHandler
                0x0000000008000390                RCC_IRQHandler
                0x0000000008000390                TIM1_TRG_COM_IRQHandler
                0x0000000008000390                DMA1_Channel1_IRQHandler
                0x0000000008000390                Default_Handler
                0x0000000008000390                EXTI15_10_IRQHandler
                0x0000000008000390                TIM7_IRQHandler
                0x0000000008000390                CAN2_TX_IRQHandler
                0x0000000008000390                TIM5_IRQHandler
                0x0000000008000390                EXTI9_5_IRQHandler
                0x0000000008000390                SPI2_IRQHandler
                0x0000000008000390                CAN1_TX_IRQHandler
                0x0000000008000390                DMA2_Channel5_IRQHandler
                0x0000000008000390                DMA1_Channel5_IRQHandler
                0x0000000008000390                EXTI4_IRQHandler
                0x0000000008000390                DMA1_Channel3_IRQHandler
                0x0000000008000390                TIM1_UP_IRQHandler
                0x0000000008000390                WWDG_IRQHandler
                0x0000000008000390                TIM2_IRQHandler
                0x0000000008000390                OTG_FS_WKUP_IRQHandler
                0x0000000008000390                TIM1_BRK_IRQHandler
                0x0000000008000390                EXTI1_IRQHandler
                0x0000000008000390                USART2_IRQHandler
                0x0000000008000390                I2C2_ER_IRQHandler
                0x0000000008000390                DMA1_Channel2_IRQHandler
                0x0000000008000390                CAN1_SCE_IRQHandler
                0x0000000008000390                FLASH_IRQHandler
                0x0000000008000390                USART1_IRQHandler
                0x0000000008000390                OTG_FS_IRQHandler
                0x0000000008000390                SPI3_IRQHandler
                0x0000000008000390                I2C1_ER_IRQHandler
                0x0000000008000390                DMA2_Channel3_IRQHandler

.inits          0x0000000008000394       0x28
                0x0000000008000394                __data_regions_array_start = .
                0x0000000008000394        0x4 LONG 0x80013dc LOADADDR (.data)
                0x0000000008000398        0x4 LONG 0x20000000 ADDR (.data)
                0x000000000800039c        0x4 LONG 0x20000078 (ADDR (.data) + SIZEOF (.data))
                0x00000000080003a0        0x4 LONG 0x80013dc LOADADDR (.data_CCMRAM)
                0x00000000080003a4        0x4 LONG 0x0 ADDR (.data_CCMRAM)
                0x00000000080003a8        0x4 LONG 0x0 (ADDR (.data_CCMRAM) + SIZEOF (.data_CCMRAM))
                0x00000000080003ac                __data_regions_array_end = .
                0x00000000080003ac                __bss_regions_array_start = .
                0x00000000080003ac        0x4 LONG 0x20000078 ADDR (.bss)
                0x00000000080003b0        0x4 LONG 0x20000118 (ADDR (.bss) + SIZEOF (.bss))
                0x00000000080003b4        0x4 LONG 0x0 ADDR (.bss_CCMRAM)
                0x00000000080003b8        0x4 LONG 0x0 (ADDR (.bss_CCMRAM) + SIZEOF (.bss_CCMRAM))
                0x00000000080003bc                __bss_regions_array_end = .
 *(.init)
 *(.fini)
                0x00000000080003bc                . = ALIGN (0x4)
                0x00000000080003bc                PROVIDE (__preinit_array_start = .)
 *(.preinit_array_sysinit .preinit_array_sysinit.*)
 *(.preinit_array_platform .preinit_array_platform.*)
 *(.preinit_array .preinit_array.*)
                0x00000000080003bc                PROVIDE (__preinit_array_end = .)
                0x00000000080003bc                . = ALIGN (0x4)
                0x00000000080003bc                PROVIDE (__init_array_start = .)
 *(SORT_BY_NAME(.init_array.*))
 *(.init_array)
                0x00000000080003bc                PROVIDE (__init_array_end = .)
                0x00000000080003bc                . = ALIGN (0x4)
                0x00000000080003bc                PROVIDE (__fini_array_start = .)
 *(SORT_BY_NAME(.fini_array.*))
 *(.fini_array)
                0x00000000080003bc                PROVIDE (__fini_array_end = .)

.flashtext
 *(.flashtext .flashtext.*)

.text           0x00000000080003bc     0x101f
 *(.text .text.*)
 .text._exit    0x00000000080003bc        0x2 ./system/src/newlib/exit.o
                0x00000000080003bc                _exit
 *fill*         0x00000000080003be        0x2 
 .text._sbrk    0x00000000080003c0       0x44 ./system/src/newlib/sbrk.o
                0x00000000080003c0                _sbrk
 .text.__initialize_args
                0x0000000008000404       0x10 ./system/src/newlib/syscalls.o
                0x0000000008000404                __initialize_args
 .text._trace_write_semihosting_debug
                0x0000000008000414       0x62 ./system/src/diag/trace-impl.o
 .text.trace_write
                0x0000000008000476        0x8 ./system/src/diag/trace-impl.o
                0x0000000008000476                trace_write
 *fill*         0x000000000800047e        0x2 
 .text.trace_printf
                0x0000000008000480       0x34 ./system/src/diag/trace.o
                0x0000000008000480                trace_printf
 .text.dumpExceptionStack
                0x00000000080004b4       0xf4 ./system/src/cortexm/exception-handlers.o
                0x00000000080004b4                dumpExceptionStack
 .text.isSemihosting
                0x00000000080005a8       0x20 ./system/src/cortexm/exception-handlers.o
                0x00000000080005a8                isSemihosting
 .text.__initialize_hardware_early
                0x00000000080005c8       0x18 ./system/src/cortexm/initialize-hardware.o
                0x00000000080005c8                __initialize_hardware_early
 .text.__initialize_hardware
                0x00000000080005e0        0x8 ./system/src/cortexm/initialize-hardware.o
                0x00000000080005e0                __initialize_hardware
 .text.SystemInit
                0x00000000080005e8        0x2 ./system/src/cmsis/system_stm32f1xx.o
                0x00000000080005e8                SystemInit
 *fill*         0x00000000080005ea        0x2 
 .text.SystemCoreClockUpdate
                0x00000000080005ec       0xc8 ./system/src/cmsis/system_stm32f1xx.o
                0x00000000080005ec                SystemCoreClockUpdate
 .text.GPIO_voidSetPinMode
                0x00000000080006b4       0xec ./src/GPIO_program.o
                0x00000000080006b4                GPIO_voidSetPinMode
 .text.GPIO_voidSetPinValue
                0x00000000080007a0       0x8c ./src/GPIO_program.o
                0x00000000080007a0                GPIO_voidSetPinValue
 .text.RCC_voidInit
                0x000000000800082c       0x7c ./src/RCC_program.o
                0x000000000800082c                RCC_voidInit
 .text.RCC_voidPeripheralClockEnable
                0x00000000080008a8       0x4c ./src/RCC_program.o
                0x00000000080008a8                RCC_voidPeripheralClockEnable
 .text.main     0x00000000080008f4       0x26 ./src/main.o
                0x00000000080008f4                main
 *fill*         0x000000000800091a        0x2 
 .text.__errno  0x000000000800091c        0xc /opt/gcc-arm/bin/../lib/gcc/arm-none-eabi/10.3.1/../../../../arm-none-eabi/lib/thumb/v7-m/nofp/libg_nano.a(lib_a-errno.o)
                0x000000000800091c                __errno
 .text._vsnprintf_r
                0x0000000008000928       0x56 /opt/gcc-arm/bin/../lib/gcc/arm-none-eabi/10.3.1/../../../../arm-none-eabi/lib/thumb/v7-m/nofp/libg_nano.a(lib_a-vsnprintf.o)
                0x0000000008000928                _vsnprintf_r
                0x0000000008000928                _vsniprintf_r
 *fill*         0x000000000800097e        0x2 
 .text.vsnprintf
                0x0000000008000980       0x1c /opt/gcc-arm/bin/../lib/gcc/arm-none-eabi/10.3.1/../../../../arm-none-eabi/lib/thumb/v7-m/nofp/libg_nano.a(lib_a-vsnprintf.o)
                0x0000000008000980                vsnprintf
                0x0000000008000980                vsniprintf
 .text.__ssputs_r
                0x000000000800099c       0xb6 /opt/gcc-arm/bin/../lib/gcc/arm-none-eabi/10.3.1/../../../../arm-none-eabi/lib/thumb/v7-m/nofp/libg_nano.a(lib_a-nano-svfprintf.o)
                0x000000000800099c                __ssputs_r
 *fill*         0x0000000008000a52        0x2 
 .text._svfprintf_r
                0x0000000008000a54      0x200 /opt/gcc-arm/bin/../lib/gcc/arm-none-eabi/10.3.1/../../../../arm-none-eabi/lib/thumb/v7-m/nofp/libg_nano.a(lib_a-nano-svfprintf.o)
                0x0000000008000a54                _svfprintf_r
                0x0000000008000a54                _svfiprintf_r
 .text._printf_common
                0x0000000008000c54       0xde /opt/gcc-arm/bin/../lib/gcc/arm-none-eabi/10.3.1/../../../../arm-none-eabi/lib/thumb/v7-m/nofp/libg_nano.a(lib_a-nano-vfprintf_i.o)
                0x0000000008000c54                _printf_common
 *fill*         0x0000000008000d32        0x2 
 .text._printf_i
                0x0000000008000d34      0x24c /opt/gcc-arm/bin/../lib/gcc/arm-none-eabi/10.3.1/../../../../arm-none-eabi/lib/thumb/v7-m/nofp/libg_nano.a(lib_a-nano-vfprintf_i.o)
                0x0000000008000d34                _printf_i
 .text.memchr   0x0000000008000f80       0x1c /opt/gcc-arm/bin/../lib/gcc/arm-none-eabi/10.3.1/../../../../arm-none-eabi/lib/thumb/v7-m/nofp/libg_nano.a(lib_a-memchr-stub.o)
                0x0000000008000f80                memchr
 .text.memcpy   0x0000000008000f9c       0x1c /opt/gcc-arm/bin/../lib/gcc/arm-none-eabi/10.3.1/../../../../arm-none-eabi/lib/thumb/v7-m/nofp/libg_nano.a(lib_a-memcpy-stub.o)
                0x0000000008000f9c                memcpy
 .text.memmove  0x0000000008000fb8       0x34 /opt/gcc-arm/bin/../lib/gcc/arm-none-eabi/10.3.1/../../../../arm-none-eabi/lib/thumb/v7-m/nofp/libg_nano.a(lib_a-memmove.o)
                0x0000000008000fb8                memmove
 .text._free_r  0x0000000008000fec       0x90 /opt/gcc-arm/bin/../lib/gcc/arm-none-eabi/10.3.1/../../../../arm-none-eabi/lib/thumb/v7-m/nofp/libg_nano.a(lib_a-nano-freer.o)
                0x0000000008000fec                _free_r
 .text.sbrk_aligned
                0x000000000800107c       0x40 /opt/gcc-arm/bin/../lib/gcc/arm-none-eabi/10.3.1/../../../../arm-none-eabi/lib/thumb/v7-m/nofp/libg_nano.a(lib_a-nano-mallocr.o)
 .text._malloc_r
                0x00000000080010bc       0xe8 /opt/gcc-arm/bin/../lib/gcc/arm-none-eabi/10.3.1/../../../../arm-none-eabi/lib/thumb/v7-m/nofp/libg_nano.a(lib_a-nano-mallocr.o)
                0x00000000080010bc                _malloc_r
 .text._realloc_r
                0x00000000080011a4       0x5e /opt/gcc-arm/bin/../lib/gcc/arm-none-eabi/10.3.1/../../../../arm-none-eabi/lib/thumb/v7-m/nofp/libg_nano.a(lib_a-nano-reallocr.o)
                0x00000000080011a4                _realloc_r
 *fill*         0x0000000008001202        0x2 
 .text._sbrk_r  0x0000000008001204       0x20 /opt/gcc-arm/bin/../lib/gcc/arm-none-eabi/10.3.1/../../../../arm-none-eabi/lib/thumb/v7-m/nofp/libg_nano.a(lib_a-sbrkr.o)
                0x0000000008001204                _sbrk_r
 .text.__malloc_lock
                0x0000000008001224        0xc /opt/gcc-arm/bin/../lib/gcc/arm-none-eabi/10.3.1/../../../../arm-none-eabi/lib/thumb/v7-m/nofp/libg_nano.a(lib_a-mlock.o)
                0x0000000008001224                __malloc_lock
 .text.__malloc_unlock
                0x0000000008001230        0xc /opt/gcc-arm/bin/../lib/gcc/arm-none-eabi/10.3.1/../../../../arm-none-eabi/lib/thumb/v7-m/nofp/libg_nano.a(lib_a-mlock.o)
                0x0000000008001230                __malloc_unlock
 .text._malloc_usable_size_r
                0x000000000800123c       0x10 /opt/gcc-arm/bin/../lib/gcc/arm-none-eabi/10.3.1/../../../../arm-none-eabi/lib/thumb/v7-m/nofp/libg_nano.a(lib_a-nano-msizer.o)
                0x000000000800123c                _malloc_usable_size_r
 .text.__retarget_lock_acquire_recursive
                0x000000000800124c        0x2 /opt/gcc-arm/bin/../lib/gcc/arm-none-eabi/10.3.1/../../../../arm-none-eabi/lib/thumb/v7-m/nofp/libg_nano.a(lib_a-lock.o)
                0x000000000800124c                __retarget_lock_acquire_recursive
 .text.__retarget_lock_release_recursive
                0x000000000800124e        0x2 /opt/gcc-arm/bin/../lib/gcc/arm-none-eabi/10.3.1/../../../../arm-none-eabi/lib/thumb/v7-m/nofp/libg_nano.a(lib_a-lock.o)
                0x000000000800124e                __retarget_lock_release_recursive
 *(.rodata .rodata.* .constdata .constdata.*)
 .rodata.dumpExceptionStack.str1.4
                0x0000000008001250      0x11a ./system/src/cortexm/exception-handlers.o
 *fill*         0x000000000800136a        0x2 
 .rodata.str1.4
                0x000000000800136c       0x2a ./system/src/cortexm/exception-handlers.o
 *fill*         0x0000000008001396        0x2 
 .rodata.AHBPrescTable
                0x0000000008001398       0x10 ./system/src/cmsis/system_stm32f1xx.o
                0x0000000008001398                AHBPrescTable
 .rodata._svfprintf_r.str1.1
                0x00000000080013a8       0x11 /opt/gcc-arm/bin/../lib/gcc/arm-none-eabi/10.3.1/../../../../arm-none-eabi/lib/thumb/v7-m/nofp/libg_nano.a(lib_a-nano-svfprintf.o)
 .rodata._printf_i.str1.1
                0x00000000080013b9       0x22 /opt/gcc-arm/bin/../lib/gcc/arm-none-eabi/10.3.1/../../../../arm-none-eabi/lib/thumb/v7-m/nofp/libg_nano.a(lib_a-nano-vfprintf_i.o)
 *(vtable)
 *(.eh_frame*)
 *(.glue_7)
 .glue_7        0x00000000080013db        0x0 linker stubs
 *(.glue_7t)
 .glue_7t       0x00000000080013db        0x0 linker stubs

.vfp11_veneer   0x00000000080013dc        0x0
 .vfp11_veneer  0x00000000080013dc        0x0 linker stubs

.v4_bx          0x00000000080013dc        0x0
 .v4_bx         0x00000000080013dc        0x0 linker stubs

.iplt           0x00000000080013dc        0x0
 .iplt          0x00000000080013dc        0x0 ./system/src/newlib/sbrk.o

.rel.dyn        0x00000000080013dc        0x0
 .rel.iplt      0x00000000080013dc        0x0 ./system/src/newlib/sbrk.o

.ARM.extab
 *(.ARM.extab* .gnu.linkonce.armextab.*)
                0x00000000080013dc                . = ALIGN (0x4)
                0x00000000080013dc                __exidx_start = .

.ARM.exidx
 *(.ARM.exidx* .gnu.linkonce.armexidx.*)
                0x00000000080013dc                __exidx_end = .
                0x00000000080013dc                . = ALIGN (0x4)
                0x00000000080013dc                _etext = .
                0x00000000080013dc                __etext = .

.data_CCMRAM    0x0000000000000000        0x0 load address 0x00000000080013dc
 FILL mask 0xff
 *(.data.CCMRAM .data.CCMRAM.*)
                0x0000000000000000                . = ALIGN (0x4)
                0x00000000080013dc                _sidata = LOADADDR (.data)

.data           0x0000000020000000       0x78 load address 0x00000000080013dc
 FILL mask 0xff
                0x0000000020000000                _sdata = .
                0x0000000020000000                __data_start__ = .
 *(.data_begin .data_begin.*)
 .data_begin    0x0000000020000000        0x4 ./system/src/newlib/startup.o
 *(.data .data.*)
 .data.argv.1   0x0000000020000004        0x8 ./system/src/newlib/syscalls.o
 .data.SystemCoreClock
                0x000000002000000c        0x4 ./system/src/cmsis/system_stm32f1xx.o
                0x000000002000000c                SystemCoreClock
 .data._impure_ptr
                0x0000000020000010        0x4 /opt/gcc-arm/bin/../lib/gcc/arm-none-eabi/10.3.1/../../../../arm-none-eabi/lib/thumb/v7-m/nofp/libg_nano.a(lib_a-impure.o)
                0x0000000020000010                _impure_ptr
 .data.impure_data
                0x0000000020000014       0x60 /opt/gcc-arm/bin/../lib/gcc/arm-none-eabi/10.3.1/../../../../arm-none-eabi/lib/thumb/v7-m/nofp/libg_nano.a(lib_a-impure.o)
 *(.data_end .data_end.*)
 .data_end      0x0000000020000074        0x4 ./system/src/newlib/startup.o
                0x0000000020000078                . = ALIGN (0x4)
                0x0000000020000078                _edata = .
                0x0000000020000078                __data_end__ = .

.igot.plt       0x0000000020000078        0x0 load address 0x0000000008001454
 .igot.plt      0x0000000020000078        0x0 ./system/src/newlib/sbrk.o

.bss_CCMRAM     0x0000000000000000        0x0
 *(.bss.CCMRAM .bss.CCMRAM.*)

.bss            0x0000000020000078       0xa0
                0x0000000020000078                __bss_start__ = .
                0x0000000020000078                _sbss = .
 *(.bss_begin .bss_begin.*)
 .bss_begin     0x0000000020000078        0x4 ./system/src/newlib/startup.o
 *(.bss .bss.*)
 .bss.current_heap_end.0
                0x000000002000007c        0x4 ./system/src/newlib/sbrk.o
 .bss.errno     0x0000000020000080        0x4 ./system/src/newlib/syscalls.o
                0x0000000020000080                errno
 .bss.name.0    0x0000000020000084        0x1 ./system/src/newlib/syscalls.o
 *fill*         0x0000000020000085        0x3 
 .bss.buf.0     0x0000000020000088       0x80 ./system/src/diag/trace.o
 .bss.__malloc_free_list
                0x0000000020000108        0x4 /opt/gcc-arm/bin/../lib/gcc/arm-none-eabi/10.3.1/../../../../arm-none-eabi/lib/thumb/v7-m/nofp/libg_nano.a(lib_a-nano-mallocr.o)
                0x0000000020000108                __malloc_free_list
 .bss.__malloc_sbrk_start
                0x000000002000010c        0x4 /opt/gcc-arm/bin/../lib/gcc/arm-none-eabi/10.3.1/../../../../arm-none-eabi/lib/thumb/v7-m/nofp/libg_nano.a(lib_a-nano-mallocr.o)
                0x000000002000010c                __malloc_sbrk_start
 .bss.__lock___malloc_recursive_mutex
                0x0000000020000110        0x1 /opt/gcc-arm/bin/../lib/gcc/arm-none-eabi/10.3.1/../../../../arm-none-eabi/lib/thumb/v7-m/nofp/libg_nano.a(lib_a-lock.o)
                0x0000000020000110                __lock___malloc_recursive_mutex
 *(COMMON)
 *(.bss_end .bss_end.*)
 *fill*         0x0000000020000111        0x3 
 .bss_end       0x0000000020000114        0x4 ./system/src/newlib/startup.o
                0x0000000020000118                . = ALIGN (0x4)
                0x0000000020000118                __bss_end__ = .
                0x0000000020000118                _ebss = .

.noinit_CCMRAM
 *(.noinit.CCMRAM .noinit.CCMRAM.*)

.noinit         0x0000000020000118        0x0
                0x0000000020000118                _noinit = .
 *(.noinit .noinit.*)
                0x0000000020000118                . = ALIGN (0x4)
                0x0000000020000118                _end_noinit = .
                [!provide]                        PROVIDE (end = _end_noinit)
                [!provide]                        PROVIDE (_end = _end_noinit)
                [!provide]                        PROVIDE (__end = _end_noinit)
                [!provide]                        PROVIDE (__end__ = _end_noinit)

._check_stack   0x0000000020000118      0x100
                0x0000000020000218                . = (. + _Minimum_Stack_Size)
 *fill*         0x0000000020000118      0x100 

.b1text
 *(.b1text)
 *(.b1rodata)
 *(.b1rodata.*)

.eb0text
 *(.eb0text)
 *(.eb0rodata)
 *(.eb0rodata.*)

.eb1text
 *(.eb1text)
 *(.eb1rodata)
 *(.eb1rodata.*)

.eb2text
 *(.eb2text)
 *(.eb2rodata)
 *(.eb2rodata.*)

.eb3text
 *(.eb3text)
 *(.eb3rodata)
 *(.eb3rodata.*)

.stab
 *(.stab)

.stabstr
 *(.stabstr)

.stab.excl
 *(.stab.excl)

.stab.exclstr
 *(.stab.exclstr)

.stab.index
 *(.stab.index)

.stab.indexstr
 *(.stab.indexstr)

.comment        0x0000000000000000       0x49
 *(.comment)
 .comment       0x0000000000000000       0x49 ./system/src/newlib/exit.o
                                         0x4a (size before relaxing)
 .comment       0x0000000000000049       0x4a ./system/src/newlib/sbrk.o
 .comment       0x0000000000000049       0x4a ./system/src/newlib/startup.o
 .comment       0x0000000000000049       0x4a ./system/src/newlib/syscalls.o
 .comment       0x0000000000000049       0x4a ./system/src/diag/trace-impl.o
 .comment       0x0000000000000049       0x4a ./system/src/diag/trace.o
 .comment       0x0000000000000049       0x4a ./system/src/cortexm/exception-handlers.o
 .comment       0x0000000000000049       0x4a ./system/src/cortexm/initialize-hardware.o
 .comment       0x0000000000000049       0x4a ./system/src/cmsis/system_stm32f1xx.o
 .comment       0x0000000000000049       0x4a ./system/src/cmsis/vectors_stm32f105xc.o
 .comment       0x0000000000000049       0x4a ./src/GPIO_program.o
 .comment       0x0000000000000049       0x4a ./src/RCC_program.o
 .comment       0x0000000000000049       0x4a ./src/main.o

.ARM.attributes
                0x0000000000000000       0x2b
 .ARM.attributes
                0x0000000000000000       0x2d ./system/src/newlib/exit.o
 .ARM.attributes
                0x000000000000002d       0x2d ./system/src/newlib/sbrk.o
 .ARM.attributes
                0x000000000000005a       0x2d ./system/src/newlib/startup.o
 .ARM.attributes
                0x0000000000000087       0x2d ./system/src/newlib/syscalls.o
 .ARM.attributes
                0x00000000000000b4       0x2d ./system/src/diag/trace-impl.o
 .ARM.attributes
                0x00000000000000e1       0x2d ./system/src/diag/trace.o
 .ARM.attributes
                0x000000000000010e       0x2d ./system/src/cortexm/exception-handlers.o
 .ARM.attributes
                0x000000000000013b       0x2d ./system/src/cortexm/initialize-hardware.o
 .ARM.attributes
                0x0000000000000168       0x2d ./system/src/cmsis/system_stm32f1xx.o
 .ARM.attributes
                0x0000000000000195       0x2d ./system/src/cmsis/vectors_stm32f105xc.o
 .ARM.attributes
                0x00000000000001c2       0x2d ./src/GPIO_program.o
 .ARM.attributes
                0x00000000000001ef       0x2d ./src/RCC_program.o
 .ARM.attributes
                0x000000000000021c       0x2d ./src/main.o
 .ARM.attributes
                0x0000000000000249       0x2d /opt/gcc-arm/bin/../lib/gcc/arm-none-eabi/10.3.1/../../../../arm-none-eabi/lib/thumb/v7-m/nofp/libg_nano.a(lib_a-errno.o)
 .ARM.attributes
                0x0000000000000276       0x2d /opt/gcc-arm/bin/../lib/gcc/arm-none-eabi/10.3.1/../../../../arm-none-eabi/lib/thumb/v7-m/nofp/libg_nano.a(lib_a-impure.o)
 .ARM.attributes
                0x00000000000002a3       0x2d /opt/gcc-arm/bin/../lib/gcc/arm-none-eabi/10.3.1/../../../../arm-none-eabi/lib/thumb/v7-m/nofp/libg_nano.a(lib_a-vsnprintf.o)
 .ARM.attributes
                0x00000000000002d0       0x2d /opt/gcc-arm/bin/../lib/gcc/arm-none-eabi/10.3.1/../../../../arm-none-eabi/lib/thumb/v7-m/nofp/libg_nano.a(lib_a-nano-svfprintf.o)
 .ARM.attributes
                0x00000000000002fd       0x2d /opt/gcc-arm/bin/../lib/gcc/arm-none-eabi/10.3.1/../../../../arm-none-eabi/lib/thumb/v7-m/nofp/libg_nano.a(lib_a-nano-vfprintf_i.o)
 .ARM.attributes
                0x000000000000032a       0x2d /opt/gcc-arm/bin/../lib/gcc/arm-none-eabi/10.3.1/../../../../arm-none-eabi/lib/thumb/v7-m/nofp/libg_nano.a(lib_a-memchr-stub.o)
 .ARM.attributes
                0x0000000000000357       0x2d /opt/gcc-arm/bin/../lib/gcc/arm-none-eabi/10.3.1/../../../../arm-none-eabi/lib/thumb/v7-m/nofp/libg_nano.a(lib_a-memcpy-stub.o)
 .ARM.attributes
                0x0000000000000384       0x2d /opt/gcc-arm/bin/../lib/gcc/arm-none-eabi/10.3.1/../../../../arm-none-eabi/lib/thumb/v7-m/nofp/libg_nano.a(lib_a-memmove.o)
 .ARM.attributes
                0x00000000000003b1       0x2d /opt/gcc-arm/bin/../lib/gcc/arm-none-eabi/10.3.1/../../../../arm-none-eabi/lib/thumb/v7-m/nofp/libg_nano.a(lib_a-nano-freer.o)
 .ARM.attributes
                0x00000000000003de       0x2d /opt/gcc-arm/bin/../lib/gcc/arm-none-eabi/10.3.1/../../../../arm-none-eabi/lib/thumb/v7-m/nofp/libg_nano.a(lib_a-nano-mallocr.o)
 .ARM.attributes
                0x000000000000040b       0x2d /opt/gcc-arm/bin/../lib/gcc/arm-none-eabi/10.3.1/../../../../arm-none-eabi/lib/thumb/v7-m/nofp/libg_nano.a(lib_a-nano-reallocr.o)
 .ARM.attributes
                0x0000000000000438       0x2d /opt/gcc-arm/bin/../lib/gcc/arm-none-eabi/10.3.1/../../../../arm-none-eabi/lib/thumb/v7-m/nofp/libg_nano.a(lib_a-sbrkr.o)
 .ARM.attributes
                0x0000000000000465       0x2d /opt/gcc-arm/bin/../lib/gcc/arm-none-eabi/10.3.1/../../../../arm-none-eabi/lib/thumb/v7-m/nofp/libg_nano.a(lib_a-mlock.o)
 .ARM.attributes
                0x0000000000000492       0x2d /opt/gcc-arm/bin/../lib/gcc/arm-none-eabi/10.3.1/../../../../arm-none-eabi/lib/thumb/v7-m/nofp/libg_nano.a(lib_a-nano-msizer.o)
 .ARM.attributes
                0x00000000000004bf       0x2d /opt/gcc-arm/bin/../lib/gcc/arm-none-eabi/10.3.1/../../../../arm-none-eabi/lib/thumb/v7-m/nofp/libg_nano.a(lib_a-lock.o)

.debug
 *(.debug)

.line
 *(.line)

.debug_srcinfo
 *(.debug_srcinfo)

.debug_sfnames
 *(.debug_sfnames)

.debug_aranges  0x0000000000000000      0x2a0
 *(.debug_aranges)
 .debug_aranges
                0x0000000000000000       0x28 ./system/src/newlib/exit.o
 .debug_aranges
                0x0000000000000028       0x20 ./system/src/newlib/sbrk.o
 .debug_aranges
                0x0000000000000048       0x40 ./system/src/newlib/startup.o
 .debug_aranges
                0x0000000000000088       0x30 ./system/src/newlib/syscalls.o
 .debug_aranges
                0x00000000000000b8       0x30 ./system/src/diag/trace-impl.o
 .debug_aranges
                0x00000000000000e8       0x38 ./system/src/diag/trace.o
 .debug_aranges
                0x0000000000000120       0x90 ./system/src/cortexm/exception-handlers.o
 .debug_aranges
                0x00000000000001b0       0x28 ./system/src/cortexm/initialize-hardware.o
 .debug_aranges
                0x00000000000001d8       0x28 ./system/src/cmsis/system_stm32f1xx.o
 .debug_aranges
                0x0000000000000200       0x20 ./system/src/cmsis/vectors_stm32f105xc.o
 .debug_aranges
                0x0000000000000220       0x30 ./src/GPIO_program.o
 .debug_aranges
                0x0000000000000250       0x30 ./src/RCC_program.o
 .debug_aranges
                0x0000000000000280       0x20 ./src/main.o

.debug_pubnames
 *(.debug_pubnames)

.debug_info     0x0000000000000000     0x2672
 *(.debug_info .gnu.linkonce.wi.*)
 .debug_info    0x0000000000000000       0xf2 ./system/src/newlib/exit.o
 .debug_info    0x00000000000000f2      0x112 ./system/src/newlib/sbrk.o
 .debug_info    0x0000000000000204      0x4ae ./system/src/newlib/startup.o
 .debug_info    0x00000000000006b2      0x1d5 ./system/src/newlib/syscalls.o
 .debug_info    0x0000000000000887      0x320 ./system/src/diag/trace-impl.o
 .debug_info    0x0000000000000ba7      0x30b ./system/src/diag/trace.o
 .debug_info    0x0000000000000eb2      0x968 ./system/src/cortexm/exception-handlers.o
 .debug_info    0x000000000000181a      0x2b3 ./system/src/cortexm/initialize-hardware.o
 .debug_info    0x0000000000001acd      0x285 ./system/src/cmsis/system_stm32f1xx.o
 .debug_info    0x0000000000001d52       0xce ./system/src/cmsis/vectors_stm32f105xc.o
 .debug_info    0x0000000000001e20      0x1ce ./src/GPIO_program.o
 .debug_info    0x0000000000001fee      0x34a ./src/RCC_program.o
 .debug_info    0x0000000000002338      0x33a ./src/main.o

.debug_abbrev   0x0000000000000000      0xf0e
 *(.debug_abbrev)
 .debug_abbrev  0x0000000000000000       0x97 ./system/src/newlib/exit.o
 .debug_abbrev  0x0000000000000097       0xcd ./system/src/newlib/sbrk.o
 .debug_abbrev  0x0000000000000164      0x1b1 ./system/src/newlib/startup.o
 .debug_abbrev  0x0000000000000315      0x10e ./system/src/newlib/syscalls.o
 .debug_abbrev  0x0000000000000423      0x1eb ./system/src/diag/trace-impl.o
 .debug_abbrev  0x000000000000060e      0x173 ./system/src/diag/trace.o
 .debug_abbrev  0x0000000000000781      0x267 ./system/src/cortexm/exception-handlers.o
 .debug_abbrev  0x00000000000009e8       0xe9 ./system/src/cortexm/initialize-hardware.o
 .debug_abbrev  0x0000000000000ad1      0x11c ./system/src/cmsis/system_stm32f1xx.o
 .debug_abbrev  0x0000000000000bed       0xa5 ./system/src/cmsis/vectors_stm32f105xc.o
 .debug_abbrev  0x0000000000000c92      0x110 ./src/GPIO_program.o
 .debug_abbrev  0x0000000000000da2       0xba ./src/RCC_program.o
 .debug_abbrev  0x0000000000000e5c       0xb2 ./src/main.o

.debug_line     0x0000000000000000     0x383c
 *(.debug_line)
 .debug_line    0x0000000000000000      0x2c5 ./system/src/newlib/exit.o
 .debug_line    0x00000000000002c5      0x2af ./system/src/newlib/sbrk.o
 .debug_line    0x0000000000000574      0x52d ./system/src/newlib/startup.o
 .debug_line    0x0000000000000aa1      0x396 ./system/src/newlib/syscalls.o
 .debug_line    0x0000000000000e37      0x8c4 ./system/src/diag/trace-impl.o
 .debug_line    0x00000000000016fb      0x3a2 ./system/src/diag/trace.o
 .debug_line    0x0000000000001a9d      0xaf8 ./system/src/cortexm/exception-handlers.o
 .debug_line    0x0000000000002595      0x621 ./system/src/cortexm/initialize-hardware.o
 .debug_line    0x0000000000002bb6      0x6f3 ./system/src/cmsis/system_stm32f1xx.o
 .debug_line    0x00000000000032a9       0xf0 ./system/src/cmsis/vectors_stm32f105xc.o
 .debug_line    0x0000000000003399      0x256 ./src/GPIO_program.o
 .debug_line    0x00000000000035ef      0x1c2 ./src/RCC_program.o
 .debug_line    0x00000000000037b1       0x8b ./src/main.o

.debug_frame    0x0000000000000000      0x880
 *(.debug_frame)
 .debug_frame   0x0000000000000000       0x38 ./system/src/newlib/exit.o
 .debug_frame   0x0000000000000038       0x28 ./system/src/newlib/sbrk.o
 .debug_frame   0x0000000000000060       0x7c ./system/src/newlib/startup.o
 .debug_frame   0x00000000000000dc       0x50 ./system/src/newlib/syscalls.o
 .debug_frame   0x000000000000012c       0x64 ./system/src/diag/trace-impl.o
 .debug_frame   0x0000000000000190       0x94 ./system/src/diag/trace.o
 .debug_frame   0x0000000000000224      0x158 ./system/src/cortexm/exception-handlers.o
 .debug_frame   0x000000000000037c       0x40 ./system/src/cortexm/initialize-hardware.o
 .debug_frame   0x00000000000003bc       0x30 ./system/src/cmsis/system_stm32f1xx.o
 .debug_frame   0x00000000000003ec       0x20 ./system/src/cmsis/vectors_stm32f105xc.o
 .debug_frame   0x000000000000040c       0x4c ./src/GPIO_program.o
 .debug_frame   0x0000000000000458       0x40 ./src/RCC_program.o
 .debug_frame   0x0000000000000498       0x28 ./src/main.o
 .debug_frame   0x00000000000004c0       0x20 /opt/gcc-arm/bin/../lib/gcc/arm-none-eabi/10.3.1/../../../../arm-none-eabi/lib/thumb/v7-m/nofp/libg_nano.a(lib_a-errno.o)
 .debug_frame   0x00000000000004e0       0x4c /opt/gcc-arm/bin/../lib/gcc/arm-none-eabi/10.3.1/../../../../arm-none-eabi/lib/thumb/v7-m/nofp/libg_nano.a(lib_a-vsnprintf.o)
 .debug_frame   0x000000000000052c       0x90 /opt/gcc-arm/bin/../lib/gcc/arm-none-eabi/10.3.1/../../../../arm-none-eabi/lib/thumb/v7-m/nofp/libg_nano.a(lib_a-nano-svfprintf.o)
 .debug_frame   0x00000000000005bc       0x60 /opt/gcc-arm/bin/../lib/gcc/arm-none-eabi/10.3.1/../../../../arm-none-eabi/lib/thumb/v7-m/nofp/libg_nano.a(lib_a-nano-vfprintf_i.o)
 .debug_frame   0x000000000000061c       0x28 /opt/gcc-arm/bin/../lib/gcc/arm-none-eabi/10.3.1/../../../../arm-none-eabi/lib/thumb/v7-m/nofp/libg_nano.a(lib_a-memchr-stub.o)
 .debug_frame   0x0000000000000644       0x28 /opt/gcc-arm/bin/../lib/gcc/arm-none-eabi/10.3.1/../../../../arm-none-eabi/lib/thumb/v7-m/nofp/libg_nano.a(lib_a-memcpy-stub.o)
 .debug_frame   0x000000000000066c       0x28 /opt/gcc-arm/bin/../lib/gcc/arm-none-eabi/10.3.1/../../../../arm-none-eabi/lib/thumb/v7-m/nofp/libg_nano.a(lib_a-memmove.o)
 .debug_frame   0x0000000000000694       0x38 /opt/gcc-arm/bin/../lib/gcc/arm-none-eabi/10.3.1/../../../../arm-none-eabi/lib/thumb/v7-m/nofp/libg_nano.a(lib_a-nano-freer.o)
 .debug_frame   0x00000000000006cc       0x4c /opt/gcc-arm/bin/../lib/gcc/arm-none-eabi/10.3.1/../../../../arm-none-eabi/lib/thumb/v7-m/nofp/libg_nano.a(lib_a-nano-mallocr.o)
 .debug_frame   0x0000000000000718       0x3c /opt/gcc-arm/bin/../lib/gcc/arm-none-eabi/10.3.1/../../../../arm-none-eabi/lib/thumb/v7-m/nofp/libg_nano.a(lib_a-nano-reallocr.o)
 .debug_frame   0x0000000000000754       0x2c /opt/gcc-arm/bin/../lib/gcc/arm-none-eabi/10.3.1/../../../../arm-none-eabi/lib/thumb/v7-m/nofp/libg_nano.a(lib_a-sbrkr.o)
 .debug_frame   0x0000000000000780       0x30 /opt/gcc-arm/bin/../lib/gcc/arm-none-eabi/10.3.1/../../../../arm-none-eabi/lib/thumb/v7-m/nofp/libg_nano.a(lib_a-mlock.o)
 .debug_frame   0x00000000000007b0       0x20 /opt/gcc-arm/bin/../lib/gcc/arm-none-eabi/10.3.1/../../../../arm-none-eabi/lib/thumb/v7-m/nofp/libg_nano.a(lib_a-nano-msizer.o)
 .debug_frame   0x00000000000007d0       0xb0 /opt/gcc-arm/bin/../lib/gcc/arm-none-eabi/10.3.1/../../../../arm-none-eabi/lib/thumb/v7-m/nofp/libg_nano.a(lib_a-lock.o)

.debug_str      0x0000000000000000    0xc7010
 *(.debug_str)
 .debug_str     0x0000000000000000     0x7630 ./system/src/newlib/exit.o
                                       0x7796 (size before relaxing)
 .debug_str     0x0000000000007630      0x4dd ./system/src/newlib/sbrk.o
                                       0x6b77 (size before relaxing)
 .debug_str     0x0000000000007b0d      0xbc2 ./system/src/newlib/startup.o
                                       0x637d (size before relaxing)
 .debug_str     0x00000000000086cf     0x1504 ./system/src/newlib/syscalls.o
                                       0x80c4 (size before relaxing)
 .debug_str     0x0000000000009bd3    0xbbe85 ./system/src/diag/trace-impl.o
                                      0xc30a7 (size before relaxing)
 .debug_str     0x00000000000c5a58      0x81a ./system/src/diag/trace.o
                                       0x7f1d (size before relaxing)
 .debug_str     0x00000000000c6272      0x20c ./system/src/cortexm/exception-handlers.o
                                      0xc4225 (size before relaxing)
 .debug_str     0x00000000000c647e       0x5d ./system/src/cortexm/initialize-hardware.o
                                      0xbf82f (size before relaxing)
 .debug_str     0x00000000000c64db       0xe5 ./system/src/cmsis/system_stm32f1xx.o
                                      0xbf82f (size before relaxing)
 .debug_str     0x00000000000c65c0       0x59 ./system/src/cmsis/vectors_stm32f105xc.o
                                       0x3837 (size before relaxing)
 .debug_str     0x00000000000c6619      0x39d ./src/GPIO_program.o
                                       0x30c2 (size before relaxing)
 .debug_str     0x00000000000c69b6      0x64c ./src/RCC_program.o
                                       0x3488 (size before relaxing)
 .debug_str     0x00000000000c7002        0xe ./src/main.o
                                       0x31d4 (size before relaxing)

.debug_loc      0x0000000000000000     0x12df
 *(.debug_loc)
 .debug_loc     0x0000000000000000       0x15 ./system/src/newlib/exit.o
 .debug_loc     0x0000000000000015       0x97 ./system/src/newlib/sbrk.o
 .debug_loc     0x00000000000000ac      0x2de ./system/src/newlib/startup.o
 .debug_loc     0x000000000000038a       0x6f ./system/src/newlib/syscalls.o
 .debug_loc     0x00000000000003f9      0x1a3 ./system/src/diag/trace-impl.o
 .debug_loc     0x000000000000059c      0x118 ./system/src/diag/trace.o
 .debug_loc     0x00000000000006b4      0x35c ./system/src/cortexm/exception-handlers.o
 .debug_loc     0x0000000000000a10      0x1ea ./system/src/cmsis/system_stm32f1xx.o
 .debug_loc     0x0000000000000bfa      0x4f5 ./src/GPIO_program.o
 .debug_loc     0x00000000000010ef      0x1f0 ./src/RCC_program.o

.debug_macinfo
 *(.debug_macinfo)

.debug_weaknames
 *(.debug_weaknames)

.debug_funcnames
 *(.debug_funcnames)

.debug_typenames
 *(.debug_typenames)

.debug_varnames
 *(.debug_varnames)
OUTPUT(GPIO.elf elf32-littlearm)
LOAD linker stubs

.debug_ranges   0x0000000000000000      0x200
 .debug_ranges  0x0000000000000000       0x18 ./system/src/newlib/exit.o
 .debug_ranges  0x0000000000000018       0x10 ./system/src/newlib/sbrk.o
 .debug_ranges  0x0000000000000028       0x30 ./system/src/newlib/startup.o
 .debug_ranges  0x0000000000000058       0x20 ./system/src/newlib/syscalls.o
 .debug_ranges  0x0000000000000078       0x38 ./system/src/diag/trace-impl.o
 .debug_ranges  0x00000000000000b0       0x28 ./system/src/diag/trace.o
 .debug_ranges  0x00000000000000d8       0x98 ./system/src/cortexm/exception-handlers.o
 .debug_ranges  0x0000000000000170       0x18 ./system/src/cortexm/initialize-hardware.o
 .debug_ranges  0x0000000000000188       0x18 ./system/src/cmsis/system_stm32f1xx.o
 .debug_ranges  0x00000000000001a0       0x10 ./system/src/cmsis/vectors_stm32f105xc.o
 .debug_ranges  0x00000000000001b0       0x20 ./src/GPIO_program.o
 .debug_ranges  0x00000000000001d0       0x20 ./src/RCC_program.o
 .debug_ranges  0x00000000000001f0       0x10 ./src/main.o

.debug_macro    0x0000000000000000     0x244c
 .debug_macro   0x0000000000000000      0x1ae ./system/src/newlib/exit.o
 .debug_macro   0x00000000000001ae      0x163 ./system/src/newlib/sbrk.o
 .debug_macro   0x0000000000000311       0x10 ./system/src/newlib/sbrk.o
 .debug_macro   0x0000000000000321      0x23b ./system/src/newlib/sbrk.o
 .debug_macro   0x000000000000055c      0x15f ./system/src/newlib/startup.o
 .debug_macro   0x00000000000006bb      0x220 ./system/src/newlib/syscalls.o
 .debug_macro   0x00000000000008db       0x1c ./system/src/newlib/syscalls.o
 .debug_macro   0x00000000000008f7       0x10 ./system/src/newlib/syscalls.o
 .debug_macro   0x0000000000000907       0x10 ./system/src/newlib/syscalls.o
 .debug_macro   0x0000000000000917       0x10 ./system/src/newlib/syscalls.o
 .debug_macro   0x0000000000000927       0x35 ./system/src/newlib/syscalls.o
 .debug_macro   0x000000000000095c      0x12c ./system/src/newlib/syscalls.o
 .debug_macro   0x0000000000000a88       0xce ./system/src/newlib/syscalls.o
 .debug_macro   0x0000000000000b56       0x7c ./system/src/newlib/syscalls.o
 .debug_macro   0x0000000000000bd2       0x17 ./system/src/newlib/syscalls.o
 .debug_macro   0x0000000000000be9      0x118 ./system/src/newlib/syscalls.o
 .debug_macro   0x0000000000000d01      0x189 ./system/src/newlib/syscalls.o
 .debug_macro   0x0000000000000e8a       0x16 ./system/src/newlib/syscalls.o
 .debug_macro   0x0000000000000ea0      0x3ea ./system/src/diag/trace-impl.o
 .debug_macro   0x000000000000128a       0x10 ./system/src/diag/trace-impl.o
 .debug_macro   0x000000000000129a       0x22 ./system/src/diag/trace-impl.o
 .debug_macro   0x00000000000012bc      0x1f5 ./system/src/diag/trace.o
 .debug_macro   0x00000000000014b1       0x16 ./system/src/diag/trace.o
 .debug_macro   0x00000000000014c7       0x97 ./system/src/diag/trace.o
 .debug_macro   0x000000000000155e       0xfd ./system/src/diag/trace.o
 .debug_macro   0x000000000000165b       0x10 ./system/src/diag/trace.o
 .debug_macro   0x000000000000166b       0x16 ./system/src/diag/trace.o
 .debug_macro   0x0000000000001681      0x16f ./system/src/diag/trace.o
 .debug_macro   0x00000000000017f0       0x4c ./system/src/diag/trace.o
 .debug_macro   0x000000000000183c       0x16 ./system/src/diag/trace.o
 .debug_macro   0x0000000000001852      0x448 ./system/src/cortexm/exception-handlers.o
 .debug_macro   0x0000000000001c9a       0x10 ./system/src/cortexm/exception-handlers.o
 .debug_macro   0x0000000000001caa      0x294 ./system/src/cortexm/initialize-hardware.o
 .debug_macro   0x0000000000001f3e      0x28a ./system/src/cmsis/system_stm32f1xx.o
 .debug_macro   0x00000000000021c8       0x34 ./system/src/cmsis/vectors_stm32f105xc.o
 .debug_macro   0x00000000000021fc       0x40 ./src/GPIO_program.o
 .debug_macro   0x000000000000223c       0x22 ./src/GPIO_program.o
 .debug_macro   0x000000000000225e       0x5e ./src/GPIO_program.o
 .debug_macro   0x00000000000022bc       0x1c ./src/GPIO_program.o
 .debug_macro   0x00000000000022d8       0x3f ./src/RCC_program.o
 .debug_macro   0x0000000000002317       0x58 ./src/RCC_program.o
 .debug_macro   0x000000000000236f       0x64 ./src/RCC_program.o
 .debug_macro   0x00000000000023d3       0x4c ./src/RCC_program.o
 .debug_macro   0x000000000000241f       0x2d ./src/main.o
