09:13:13 **** Incremental Build of configuration Debug for project Assignmet-1--Traffic-Lightening-system ****
make all 
Invoking: GNU Arm Cross Create Flash Image
arm-none-eabi-objcopy -O ihex "Assignmet-1--Traffic-Lightening-system.elf"  "Assignmet-1--Traffic-Lightening-system.hex"
Finished building: Assignmet-1--Traffic-Lightening-system.hex
 
Invoking: GNU Arm Cross Print Size
arm-none-eabi-size --format=berkeley "Assignmet-1--Traffic-Lightening-system.elf"
   text	   data	    bss	    dec	    hex	filename
   5351	    172	    420	   5943	   1737	Assignmet-1--Traffic-Lightening-system.elf
Finished building: Assignmet-1--Traffic-Lightening-system.siz
 
