18:42:52 **** Build of configuration Debug for project test-in-linux ****
make all 
Building file: ../system/src/stm32f1-hal/stm32f1xx_hal.c
Invoking: GNU Arm Cross C Compiler
arm-none-eabi-gcc -mcpu=cortex-m3 -mthumb -Og -fmessage-length=0 -fsigned-char -ffunction-sections -fdata-sections -ffreestanding -fno-move-loop-invariants -Wall -Wextra  -g3 -DDEBUG -DUSE_FULL_ASSERT -DTRACE -DOS_USE_TRACE_SEMIHOSTING_DEBUG -DSTM32F103xB -DUSE_HAL_DRIVER -DHSE_VALUE=8000000 -I"../include" -I"../system/include" -I"../system/include/cmsis" -I"../system/include/stm32f1-hal" -std=gnu11 -Wno-unused-parameter -Wno-conversion -Wno-sign-conversion -Wno-bad-function-cast -Wno-unused-variable -Wno-implicit-function-declaration -MMD -MP -MF"system/src/stm32f1-hal/stm32f1xx_hal.d" -MT"system/src/stm32f1-hal/stm32f1xx_hal.o" -c -o "system/src/stm32f1-hal/stm32f1xx_hal.o" "../system/src/stm32f1-hal/stm32f1xx_hal.c"
Finished building: ../system/src/stm32f1-hal/stm32f1xx_hal.c
 
Building file: ../system/src/stm32f1-hal/stm32f1xx_hal_cortex.c
Invoking: GNU Arm Cross C Compiler
arm-none-eabi-gcc -mcpu=cortex-m3 -mthumb -Og -fmessage-length=0 -fsigned-char -ffunction-sections -fdata-sections -ffreestanding -fno-move-loop-invariants -Wall -Wextra  -g3 -DDEBUG -DUSE_FULL_ASSERT -DTRACE -DOS_USE_TRACE_SEMIHOSTING_DEBUG -DSTM32F103xB -DUSE_HAL_DRIVER -DHSE_VALUE=8000000 -I"../include" -I"../system/include" -I"../system/include/cmsis" -I"../system/include/stm32f1-hal" -std=gnu11 -Wno-unused-parameter -Wno-conversion -Wno-sign-conversion -Wno-bad-function-cast -Wno-unused-variable -Wno-implicit-function-declaration -MMD -MP -MF"system/src/stm32f1-hal/stm32f1xx_hal_cortex.d" -MT"system/src/stm32f1-hal/stm32f1xx_hal_cortex.o" -c -o "system/src/stm32f1-hal/stm32f1xx_hal_cortex.o" "../system/src/stm32f1-hal/stm32f1xx_hal_cortex.c"
Finished building: ../system/src/stm32f1-hal/stm32f1xx_hal_cortex.c
 
Building file: ../system/src/stm32f1-hal/stm32f1xx_hal_flash.c
Invoking: GNU Arm Cross C Compiler
arm-none-eabi-gcc -mcpu=cortex-m3 -mthumb -Og -fmessage-length=0 -fsigned-char -ffunction-sections -fdata-sections -ffreestanding -fno-move-loop-invariants -Wall -Wextra  -g3 -DDEBUG -DUSE_FULL_ASSERT -DTRACE -DOS_USE_TRACE_SEMIHOSTING_DEBUG -DSTM32F103xB -DUSE_HAL_DRIVER -DHSE_VALUE=8000000 -I"../include" -I"../system/include" -I"../system/include/cmsis" -I"../system/include/stm32f1-hal" -std=gnu11 -Wno-unused-parameter -Wno-conversion -Wno-sign-conversion -Wno-bad-function-cast -Wno-unused-variable -Wno-implicit-function-declaration -MMD -MP -MF"system/src/stm32f1-hal/stm32f1xx_hal_flash.d" -MT"system/src/stm32f1-hal/stm32f1xx_hal_flash.o" -c -o "system/src/stm32f1-hal/stm32f1xx_hal_flash.o" "../system/src/stm32f1-hal/stm32f1xx_hal_flash.c"
Finished building: ../system/src/stm32f1-hal/stm32f1xx_hal_flash.c
 
Building file: ../system/src/stm32f1-hal/stm32f1xx_hal_flash_ex.c
Invoking: GNU Arm Cross C Compiler
arm-none-eabi-gcc -mcpu=cortex-m3 -mthumb -Og -fmessage-length=0 -fsigned-char -ffunction-sections -fdata-sections -ffreestanding -fno-move-loop-invariants -Wall -Wextra  -g3 -DDEBUG -DUSE_FULL_ASSERT -DTRACE -DOS_USE_TRACE_SEMIHOSTING_DEBUG -DSTM32F103xB -DUSE_HAL_DRIVER -DHSE_VALUE=8000000 -I"../include" -I"../system/include" -I"../system/include/cmsis" -I"../system/include/stm32f1-hal" -std=gnu11 -Wno-unused-parameter -Wno-conversion -Wno-sign-conversion -Wno-bad-function-cast -Wno-unused-variable -Wno-implicit-function-declaration -MMD -MP -MF"system/src/stm32f1-hal/stm32f1xx_hal_flash_ex.d" -MT"system/src/stm32f1-hal/stm32f1xx_hal_flash_ex.o" -c -o "system/src/stm32f1-hal/stm32f1xx_hal_flash_ex.o" "../system/src/stm32f1-hal/stm32f1xx_hal_flash_ex.c"
Finished building: ../system/src/stm32f1-hal/stm32f1xx_hal_flash_ex.c
 
Building file: ../system/src/stm32f1-hal/stm32f1xx_hal_gpio.c
Invoking: GNU Arm Cross C Compiler
arm-none-eabi-gcc -mcpu=cortex-m3 -mthumb -Og -fmessage-length=0 -fsigned-char -ffunction-sections -fdata-sections -ffreestanding -fno-move-loop-invariants -Wall -Wextra  -g3 -DDEBUG -DUSE_FULL_ASSERT -DTRACE -DOS_USE_TRACE_SEMIHOSTING_DEBUG -DSTM32F103xB -DUSE_HAL_DRIVER -DHSE_VALUE=8000000 -I"../include" -I"../system/include" -I"../system/include/cmsis" -I"../system/include/stm32f1-hal" -std=gnu11 -Wno-unused-parameter -Wno-conversion -Wno-sign-conversion -Wno-bad-function-cast -Wno-unused-variable -Wno-implicit-function-declaration -MMD -MP -MF"system/src/stm32f1-hal/stm32f1xx_hal_gpio.d" -MT"system/src/stm32f1-hal/stm32f1xx_hal_gpio.o" -c -o "system/src/stm32f1-hal/stm32f1xx_hal_gpio.o" "../system/src/stm32f1-hal/stm32f1xx_hal_gpio.c"
Finished building: ../system/src/stm32f1-hal/stm32f1xx_hal_gpio.c
 
Building file: ../system/src/stm32f1-hal/stm32f1xx_hal_gpio_ex.c
Invoking: GNU Arm Cross C Compiler
arm-none-eabi-gcc -mcpu=cortex-m3 -mthumb -Og -fmessage-length=0 -fsigned-char -ffunction-sections -fdata-sections -ffreestanding -fno-move-loop-invariants -Wall -Wextra  -g3 -DDEBUG -DUSE_FULL_ASSERT -DTRACE -DOS_USE_TRACE_SEMIHOSTING_DEBUG -DSTM32F103xB -DUSE_HAL_DRIVER -DHSE_VALUE=8000000 -I"../include" -I"../system/include" -I"../system/include/cmsis" -I"../system/include/stm32f1-hal" -std=gnu11 -Wno-unused-parameter -Wno-conversion -Wno-sign-conversion -Wno-bad-function-cast -Wno-unused-variable -Wno-implicit-function-declaration -MMD -MP -MF"system/src/stm32f1-hal/stm32f1xx_hal_gpio_ex.d" -MT"system/src/stm32f1-hal/stm32f1xx_hal_gpio_ex.o" -c -o "system/src/stm32f1-hal/stm32f1xx_hal_gpio_ex.o" "../system/src/stm32f1-hal/stm32f1xx_hal_gpio_ex.c"
Finished building: ../system/src/stm32f1-hal/stm32f1xx_hal_gpio_ex.c
 
Building file: ../system/src/stm32f1-hal/stm32f1xx_hal_iwdg.c
Invoking: GNU Arm Cross C Compiler
arm-none-eabi-gcc -mcpu=cortex-m3 -mthumb -Og -fmessage-length=0 -fsigned-char -ffunction-sections -fdata-sections -ffreestanding -fno-move-loop-invariants -Wall -Wextra  -g3 -DDEBUG -DUSE_FULL_ASSERT -DTRACE -DOS_USE_TRACE_SEMIHOSTING_DEBUG -DSTM32F103xB -DUSE_HAL_DRIVER -DHSE_VALUE=8000000 -I"../include" -I"../system/include" -I"../system/include/cmsis" -I"../system/include/stm32f1-hal" -std=gnu11 -Wno-unused-parameter -Wno-conversion -Wno-sign-conversion -Wno-bad-function-cast -Wno-unused-variable -Wno-implicit-function-declaration -MMD -MP -MF"system/src/stm32f1-hal/stm32f1xx_hal_iwdg.d" -MT"system/src/stm32f1-hal/stm32f1xx_hal_iwdg.o" -c -o "system/src/stm32f1-hal/stm32f1xx_hal_iwdg.o" "../system/src/stm32f1-hal/stm32f1xx_hal_iwdg.c"
Finished building: ../system/src/stm32f1-hal/stm32f1xx_hal_iwdg.c
 
Building file: ../system/src/stm32f1-hal/stm32f1xx_hal_pwr.c
Invoking: GNU Arm Cross C Compiler
arm-none-eabi-gcc -mcpu=cortex-m3 -mthumb -Og -fmessage-length=0 -fsigned-char -ffunction-sections -fdata-sections -ffreestanding -fno-move-loop-invariants -Wall -Wextra  -g3 -DDEBUG -DUSE_FULL_ASSERT -DTRACE -DOS_USE_TRACE_SEMIHOSTING_DEBUG -DSTM32F103xB -DUSE_HAL_DRIVER -DHSE_VALUE=8000000 -I"../include" -I"../system/include" -I"../system/include/cmsis" -I"../system/include/stm32f1-hal" -std=gnu11 -Wno-unused-parameter -Wno-conversion -Wno-sign-conversion -Wno-bad-function-cast -Wno-unused-variable -Wno-implicit-function-declaration -MMD -MP -MF"system/src/stm32f1-hal/stm32f1xx_hal_pwr.d" -MT"system/src/stm32f1-hal/stm32f1xx_hal_pwr.o" -c -o "system/src/stm32f1-hal/stm32f1xx_hal_pwr.o" "../system/src/stm32f1-hal/stm32f1xx_hal_pwr.c"
Finished building: ../system/src/stm32f1-hal/stm32f1xx_hal_pwr.c
 
Building file: ../system/src/stm32f1-hal/stm32f1xx_hal_rcc.c
Invoking: GNU Arm Cross C Compiler
arm-none-eabi-gcc -mcpu=cortex-m3 -mthumb -Og -fmessage-length=0 -fsigned-char -ffunction-sections -fdata-sections -ffreestanding -fno-move-loop-invariants -Wall -Wextra  -g3 -DDEBUG -DUSE_FULL_ASSERT -DTRACE -DOS_USE_TRACE_SEMIHOSTING_DEBUG -DSTM32F103xB -DUSE_HAL_DRIVER -DHSE_VALUE=8000000 -I"../include" -I"../system/include" -I"../system/include/cmsis" -I"../system/include/stm32f1-hal" -std=gnu11 -Wno-unused-parameter -Wno-conversion -Wno-sign-conversion -Wno-bad-function-cast -Wno-unused-variable -Wno-implicit-function-declaration -MMD -MP -MF"system/src/stm32f1-hal/stm32f1xx_hal_rcc.d" -MT"system/src/stm32f1-hal/stm32f1xx_hal_rcc.o" -c -o "system/src/stm32f1-hal/stm32f1xx_hal_rcc.o" "../system/src/stm32f1-hal/stm32f1xx_hal_rcc.c"
Finished building: ../system/src/stm32f1-hal/stm32f1xx_hal_rcc.c
 
Building file: ../system/src/newlib/assert.c
Invoking: GNU Arm Cross C Compiler
arm-none-eabi-gcc -mcpu=cortex-m3 -mthumb -Og -fmessage-length=0 -fsigned-char -ffunction-sections -fdata-sections -ffreestanding -fno-move-loop-invariants -Wall -Wextra  -g3 -DDEBUG -DUSE_FULL_ASSERT -DTRACE -DOS_USE_TRACE_SEMIHOSTING_DEBUG -DSTM32F103xB -DUSE_HAL_DRIVER -DHSE_VALUE=8000000 -I"../include" -I"../system/include" -I"../system/include/cmsis" -I"../system/include/stm32f1-hal" -std=gnu11 -MMD -MP -MF"system/src/newlib/assert.d" -MT"system/src/newlib/assert.o" -c -o "system/src/newlib/assert.o" "../system/src/newlib/assert.c"
Finished building: ../system/src/newlib/assert.c
 
Building file: ../system/src/newlib/cxx.cpp
Invoking: GNU Arm Cross C++ Compiler
arm-none-eabi-g++ -mcpu=cortex-m3 -mthumb -Og -fmessage-length=0 -fsigned-char -ffunction-sections -fdata-sections -ffreestanding -fno-move-loop-invariants -Wall -Wextra  -g3 -DDEBUG -DUSE_FULL_ASSERT -DTRACE -DOS_USE_TRACE_SEMIHOSTING_DEBUG -DSTM32F103xB -DUSE_HAL_DRIVER -DHSE_VALUE=8000000 -I"../include" -I"../system/include" -I"../system/include/cmsis" -I"../system/include/stm32f1-hal" -std=gnu++11 -fabi-version=0 -fno-exceptions -fno-rtti -fno-use-cxa-atexit -fno-threadsafe-statics -MMD -MP -MF"system/src/newlib/cxx.d" -MT"system/src/newlib/cxx.o" -c -o "system/src/newlib/cxx.o" "../system/src/newlib/cxx.cpp"
Finished building: ../system/src/newlib/cxx.cpp
 
Building file: ../system/src/newlib/exit.c
Invoking: GNU Arm Cross C Compiler
arm-none-eabi-gcc -mcpu=cortex-m3 -mthumb -Og -fmessage-length=0 -fsigned-char -ffunction-sections -fdata-sections -ffreestanding -fno-move-loop-invariants -Wall -Wextra  -g3 -DDEBUG -DUSE_FULL_ASSERT -DTRACE -DOS_USE_TRACE_SEMIHOSTING_DEBUG -DSTM32F103xB -DUSE_HAL_DRIVER -DHSE_VALUE=8000000 -I"../include" -I"../system/include" -I"../system/include/cmsis" -I"../system/include/stm32f1-hal" -std=gnu11 -MMD -MP -MF"system/src/newlib/exit.d" -MT"system/src/newlib/exit.o" -c -o "system/src/newlib/exit.o" "../system/src/newlib/exit.c"
Finished building: ../system/src/newlib/exit.c
 
Building file: ../system/src/newlib/sbrk.c
Invoking: GNU Arm Cross C Compiler
arm-none-eabi-gcc -mcpu=cortex-m3 -mthumb -Og -fmessage-length=0 -fsigned-char -ffunction-sections -fdata-sections -ffreestanding -fno-move-loop-invariants -Wall -Wextra  -g3 -DDEBUG -DUSE_FULL_ASSERT -DTRACE -DOS_USE_TRACE_SEMIHOSTING_DEBUG -DSTM32F103xB -DUSE_HAL_DRIVER -DHSE_VALUE=8000000 -I"../include" -I"../system/include" -I"../system/include/cmsis" -I"../system/include/stm32f1-hal" -std=gnu11 -MMD -MP -MF"system/src/newlib/sbrk.d" -MT"system/src/newlib/sbrk.o" -c -o "system/src/newlib/sbrk.o" "../system/src/newlib/sbrk.c"
Finished building: ../system/src/newlib/sbrk.c
 
Building file: ../system/src/newlib/startup.c
Invoking: GNU Arm Cross C Compiler
arm-none-eabi-gcc -mcpu=cortex-m3 -mthumb -Og -fmessage-length=0 -fsigned-char -ffunction-sections -fdata-sections -ffreestanding -fno-move-loop-invariants -Wall -Wextra  -g3 -DDEBUG -DUSE_FULL_ASSERT -DTRACE -DOS_USE_TRACE_SEMIHOSTING_DEBUG -DSTM32F103xB -DUSE_HAL_DRIVER -DHSE_VALUE=8000000 -I"../include" -I"../system/include" -I"../system/include/cmsis" -I"../system/include/stm32f1-hal" -std=gnu11 -MMD -MP -MF"system/src/newlib/startup.d" -MT"system/src/newlib/startup.o" -c -o "system/src/newlib/startup.o" "../system/src/newlib/startup.c"
Finished building: ../system/src/newlib/startup.c
 
Building file: ../system/src/newlib/syscalls.c
Invoking: GNU Arm Cross C Compiler
arm-none-eabi-gcc -mcpu=cortex-m3 -mthumb -Og -fmessage-length=0 -fsigned-char -ffunction-sections -fdata-sections -ffreestanding -fno-move-loop-invariants -Wall -Wextra  -g3 -DDEBUG -DUSE_FULL_ASSERT -DTRACE -DOS_USE_TRACE_SEMIHOSTING_DEBUG -DSTM32F103xB -DUSE_HAL_DRIVER -DHSE_VALUE=8000000 -I"../include" -I"../system/include" -I"../system/include/cmsis" -I"../system/include/stm32f1-hal" -std=gnu11 -MMD -MP -MF"system/src/newlib/syscalls.d" -MT"system/src/newlib/syscalls.o" -c -o "system/src/newlib/syscalls.o" "../system/src/newlib/syscalls.c"
Finished building: ../system/src/newlib/syscalls.c
 
Building file: ../system/src/diag/trace-impl.c
Invoking: GNU Arm Cross C Compiler
arm-none-eabi-gcc -mcpu=cortex-m3 -mthumb -Og -fmessage-length=0 -fsigned-char -ffunction-sections -fdata-sections -ffreestanding -fno-move-loop-invariants -Wall -Wextra  -g3 -DDEBUG -DUSE_FULL_ASSERT -DTRACE -DOS_USE_TRACE_SEMIHOSTING_DEBUG -DSTM32F103xB -DUSE_HAL_DRIVER -DHSE_VALUE=8000000 -I"../include" -I"../system/include" -I"../system/include/cmsis" -I"../system/include/stm32f1-hal" -std=gnu11 -MMD -MP -MF"system/src/diag/trace-impl.d" -MT"system/src/diag/trace-impl.o" -c -o "system/src/diag/trace-impl.o" "../system/src/diag/trace-impl.c"
Finished building: ../system/src/diag/trace-impl.c
 
Building file: ../system/src/diag/trace.c
Invoking: GNU Arm Cross C Compiler
arm-none-eabi-gcc -mcpu=cortex-m3 -mthumb -Og -fmessage-length=0 -fsigned-char -ffunction-sections -fdata-sections -ffreestanding -fno-move-loop-invariants -Wall -Wextra  -g3 -DDEBUG -DUSE_FULL_ASSERT -DTRACE -DOS_USE_TRACE_SEMIHOSTING_DEBUG -DSTM32F103xB -DUSE_HAL_DRIVER -DHSE_VALUE=8000000 -I"../include" -I"../system/include" -I"../system/include/cmsis" -I"../system/include/stm32f1-hal" -std=gnu11 -MMD -MP -MF"system/src/diag/trace.d" -MT"system/src/diag/trace.o" -c -o "system/src/diag/trace.o" "../system/src/diag/trace.c"
Finished building: ../system/src/diag/trace.c
 
Building file: ../system/src/cortexm/exception-handlers.c
Invoking: GNU Arm Cross C Compiler
arm-none-eabi-gcc -mcpu=cortex-m3 -mthumb -Og -fmessage-length=0 -fsigned-char -ffunction-sections -fdata-sections -ffreestanding -fno-move-loop-invariants -Wall -Wextra  -g3 -DDEBUG -DUSE_FULL_ASSERT -DTRACE -DOS_USE_TRACE_SEMIHOSTING_DEBUG -DSTM32F103xB -DUSE_HAL_DRIVER -DHSE_VALUE=8000000 -I"../include" -I"../system/include" -I"../system/include/cmsis" -I"../system/include/stm32f1-hal" -std=gnu11 -MMD -MP -MF"system/src/cortexm/exception-handlers.d" -MT"system/src/cortexm/exception-handlers.o" -c -o "system/src/cortexm/exception-handlers.o" "../system/src/cortexm/exception-handlers.c"
Finished building: ../system/src/cortexm/exception-handlers.c
 
Building file: ../system/src/cortexm/initialize-hardware.c
Invoking: GNU Arm Cross C Compiler
arm-none-eabi-gcc -mcpu=cortex-m3 -mthumb -Og -fmessage-length=0 -fsigned-char -ffunction-sections -fdata-sections -ffreestanding -fno-move-loop-invariants -Wall -Wextra  -g3 -DDEBUG -DUSE_FULL_ASSERT -DTRACE -DOS_USE_TRACE_SEMIHOSTING_DEBUG -DSTM32F103xB -DUSE_HAL_DRIVER -DHSE_VALUE=8000000 -I"../include" -I"../system/include" -I"../system/include/cmsis" -I"../system/include/stm32f1-hal" -std=gnu11 -MMD -MP -MF"system/src/cortexm/initialize-hardware.d" -MT"system/src/cortexm/initialize-hardware.o" -c -o "system/src/cortexm/initialize-hardware.o" "../system/src/cortexm/initialize-hardware.c"
Finished building: ../system/src/cortexm/initialize-hardware.c
 
Building file: ../system/src/cortexm/reset-hardware.c
Invoking: GNU Arm Cross C Compiler
arm-none-eabi-gcc -mcpu=cortex-m3 -mthumb -Og -fmessage-length=0 -fsigned-char -ffunction-sections -fdata-sections -ffreestanding -fno-move-loop-invariants -Wall -Wextra  -g3 -DDEBUG -DUSE_FULL_ASSERT -DTRACE -DOS_USE_TRACE_SEMIHOSTING_DEBUG -DSTM32F103xB -DUSE_HAL_DRIVER -DHSE_VALUE=8000000 -I"../include" -I"../system/include" -I"../system/include/cmsis" -I"../system/include/stm32f1-hal" -std=gnu11 -MMD -MP -MF"system/src/cortexm/reset-hardware.d" -MT"system/src/cortexm/reset-hardware.o" -c -o "system/src/cortexm/reset-hardware.o" "../system/src/cortexm/reset-hardware.c"
Finished building: ../system/src/cortexm/reset-hardware.c
 
Building file: ../system/src/cmsis/system_stm32f1xx.c
Invoking: GNU Arm Cross C Compiler
arm-none-eabi-gcc -mcpu=cortex-m3 -mthumb -Og -fmessage-length=0 -fsigned-char -ffunction-sections -fdata-sections -ffreestanding -fno-move-loop-invariants -Wall -Wextra  -g3 -DDEBUG -DUSE_FULL_ASSERT -DTRACE -DOS_USE_TRACE_SEMIHOSTING_DEBUG -DSTM32F103xB -DUSE_HAL_DRIVER -DHSE_VALUE=8000000 -I"../include" -I"../system/include" -I"../system/include/cmsis" -I"../system/include/stm32f1-hal" -std=gnu11 -Wno-padded -MMD -MP -MF"system/src/cmsis/system_stm32f1xx.d" -MT"system/src/cmsis/system_stm32f1xx.o" -c -o "system/src/cmsis/system_stm32f1xx.o" "../system/src/cmsis/system_stm32f1xx.c"
Finished building: ../system/src/cmsis/system_stm32f1xx.c
 
Building file: ../system/src/cmsis/vectors_stm32f103xb.c
Invoking: GNU Arm Cross C Compiler
arm-none-eabi-gcc -mcpu=cortex-m3 -mthumb -Og -fmessage-length=0 -fsigned-char -ffunction-sections -fdata-sections -ffreestanding -fno-move-loop-invariants -Wall -Wextra  -g3 -DDEBUG -DUSE_FULL_ASSERT -DTRACE -DOS_USE_TRACE_SEMIHOSTING_DEBUG -DSTM32F103xB -DUSE_HAL_DRIVER -DHSE_VALUE=8000000 -I"../include" -I"../system/include" -I"../system/include/cmsis" -I"../system/include/stm32f1-hal" -std=gnu11 -MMD -MP -MF"system/src/cmsis/vectors_stm32f103xb.d" -MT"system/src/cmsis/vectors_stm32f103xb.o" -c -o "system/src/cmsis/vectors_stm32f103xb.o" "../system/src/cmsis/vectors_stm32f103xb.c"
Finished building: ../system/src/cmsis/vectors_stm32f103xb.c
 
Building file: ../src/GPIO_program.c
Invoking: GNU Arm Cross C Compiler
arm-none-eabi-gcc -mcpu=cortex-m3 -mthumb -Og -fmessage-length=0 -fsigned-char -ffunction-sections -fdata-sections -ffreestanding -fno-move-loop-invariants -Wall -Wextra  -g3 -DDEBUG -DUSE_FULL_ASSERT -DTRACE -DOS_USE_TRACE_SEMIHOSTING_DEBUG -DSTM32F103xB -DUSE_HAL_DRIVER -DHSE_VALUE=8000000 -I"../include" -I"../system/include" -I"../system/include/cmsis" -I"../system/include/stm32f1-hal" -std=gnu11 -MMD -MP -MF"src/GPIO_program.d" -MT"src/GPIO_program.o" -c -o "src/GPIO_program.o" "../src/GPIO_program.c"
Finished building: ../src/GPIO_program.c
 
Building file: ../src/RCC_program.c
Invoking: GNU Arm Cross C Compiler
arm-none-eabi-gcc -mcpu=cortex-m3 -mthumb -Og -fmessage-length=0 -fsigned-char -ffunction-sections -fdata-sections -ffreestanding -fno-move-loop-invariants -Wall -Wextra  -g3 -DDEBUG -DUSE_FULL_ASSERT -DTRACE -DOS_USE_TRACE_SEMIHOSTING_DEBUG -DSTM32F103xB -DUSE_HAL_DRIVER -DHSE_VALUE=8000000 -I"../include" -I"../system/include" -I"../system/include/cmsis" -I"../system/include/stm32f1-hal" -std=gnu11 -MMD -MP -MF"src/RCC_program.d" -MT"src/RCC_program.o" -c -o "src/RCC_program.o" "../src/RCC_program.c"
Finished building: ../src/RCC_program.c
 
Building file: ../src/main.c
Invoking: GNU Arm Cross C Compiler
arm-none-eabi-gcc -mcpu=cortex-m3 -mthumb -Og -fmessage-length=0 -fsigned-char -ffunction-sections -fdata-sections -ffreestanding -fno-move-loop-invariants -Wall -Wextra  -g3 -DDEBUG -DUSE_FULL_ASSERT -DTRACE -DOS_USE_TRACE_SEMIHOSTING_DEBUG -DSTM32F103xB -DUSE_HAL_DRIVER -DHSE_VALUE=8000000 -I"../include" -I"../system/include" -I"../system/include/cmsis" -I"../system/include/stm32f1-hal" -std=gnu11 -MMD -MP -MF"src/main.d" -MT"src/main.o" -c -o "src/main.o" "../src/main.c"
Finished building: ../src/main.c
 
Building target: test-in-linux.elf
Invoking: GNU Arm Cross C++ Linker
arm-none-eabi-g++ -mcpu=cortex-m3 -mthumb -Og -fmessage-length=0 -fsigned-char -ffunction-sections -fdata-sections -ffreestanding -fno-move-loop-invariants -Wall -Wextra  -g3 -T mem.ld -T libs.ld -T sections.ld -nostartfiles -Xlinker --gc-sections -L"../ldscripts" -Wl,-Map,"test-in-linux.map" --specs=nano.specs -o "test-in-linux.elf" ./system/src/stm32f1-hal/stm32f1xx_hal.o ./system/src/stm32f1-hal/stm32f1xx_hal_cortex.o ./system/src/stm32f1-hal/stm32f1xx_hal_flash.o ./system/src/stm32f1-hal/stm32f1xx_hal_flash_ex.o ./system/src/stm32f1-hal/stm32f1xx_hal_gpio.o ./system/src/stm32f1-hal/stm32f1xx_hal_gpio_ex.o ./system/src/stm32f1-hal/stm32f1xx_hal_iwdg.o ./system/src/stm32f1-hal/stm32f1xx_hal_pwr.o ./system/src/stm32f1-hal/stm32f1xx_hal_rcc.o  ./system/src/newlib/assert.o ./system/src/newlib/cxx.o ./system/src/newlib/exit.o ./system/src/newlib/sbrk.o ./system/src/newlib/startup.o ./system/src/newlib/syscalls.o  ./system/src/diag/trace-impl.o ./system/src/diag/trace.o  ./system/src/cortexm/exception-handlers.o ./system/src/cortexm/initialize-hardware.o ./system/src/cortexm/reset-hardware.o  ./system/src/cmsis/system_stm32f1xx.o ./system/src/cmsis/vectors_stm32f103xb.o  ./src/GPIO_program.o ./src/RCC_program.o ./src/main.o   
Finished building target: test-in-linux.elf
 
Invoking: GNU Arm Cross Create Flash Image
arm-none-eabi-objcopy -O ihex "test-in-linux.elf"  "test-in-linux.hex"
Finished building: test-in-linux.hex
 
Invoking: GNU Arm Cross Print Size
arm-none-eabi-size --format=berkeley "test-in-linux.elf"
   text	   data	    bss	    dec	    hex	filename
   4891	    160	    416	   5467	   155b	test-in-linux.elf
Finished building: test-in-linux.siz
 

18:42:55 Build Finished. 0 errors, 0 warnings. (took 2s.857ms)

